Search results:

Solution 1, State 0:
V:K -->
fun (Triple ( x, y, z ) -> y)
