Search results:

Solution 1:
V:K -->
Pair ( Pair ( 1, (Wrapper ( 2 )), .List{","} ), (Pair ( 3, 4 )), .List{","} )
