Search results:

Solution 1:
Solution:Map -->
A |-> #symVariable(10)
A |-> #symVariable(59)
B |-> #symVariable(38)
C |-> A
