 <freshCounter>
  9 
 </freshCounter> 
 <resultType>
   (symUnificationVar( 5 )) -> (symUnificationVar( 5 )) 
 </resultType> 
