 <freshCounter>
  7 
 </freshCounter> 
 <resultType>
   (symUnificationVar( 4 )) -> (symUnificationVar( 4 )) 
 </resultType> 
