 <freshCounter>
  7 
 </freshCounter> 
 <resultType>
  int
 </resultType> 
