
<resultType>
  ((int) -> (freshVar( 3 ))) -> ((int) -> (freshVar( 3 ))) 
</resultType>
