<T>
    <out>
        ListItem(3)
        ListItem(2)
        ListItem(1)
    </out>
    <k>
        .K
    </k>
</T>
