<T>
    <k>
        .K
    </k>
    <store>
        (#symNat(1) |-> 0) ::MapItem
        ((#symNat(2)) |-> 5050) ::MapItem
    </store>
    <env>
        n |-> (#symNat(1))
        sum |-> (#symNat(2))
    </env>
</T>
