
[32m<result>[0m
  closure-lambda( Map2KLabel  x  [35m|->[0m 1   , y ,  x   y )
[32m</result>[0m

