<result>
  closure-lambda( . , x , lambda f . lambda d . x f x + 1 lambda x . x )
</result>
