<k>
    #open ( "tests/regression/java-rewrite-engine/io/files/dir2" , "r" )
</k>
