<resultType>
  tv 52 -> tv 68 -> tv 67 -> tv 66 -> tv 65 -> tv 64 -> tv 63 -> tv 62 -> tv 61 -> tv 60 -> tv 59 -> tv 58 -> tv 57 -> tv 56 -> tv 55 -> tv 54 -> tv 53 -> tv 52
</resultType>
