Search results:

Solution 1:
Solution:Map -->
"Y" |-> #symVariable(4)
"Z" |-> cons ( ((a ( .Terms )), #symVariable(4)) )
