Search results:

Solution 1:
Solution:Map -->
V |-> cons ( ((a ( .Terms )), (cons ( ((b ( .Terms )), (nil ( .Terms ))) ))) )
