Search results:

Solution 1:
Solution:Map -->
A |-> jim ( .Terms )
B |-> john ( .Terms )
X |-> david ( .Terms )

Solution 2:
Solution:Map -->
A |-> nathan ( .Terms )
B |-> david ( .Terms )
X |-> jim ( .Terms )

Solution 3:
Solution:Map -->
A |-> nathan ( .Terms )
B |-> david ( .Terms )
X |-> steve ( .Terms )

Solution 4:
Solution:Map -->
A |-> nathan ( .Terms )
B |-> jim ( .Terms )
X |-> steve ( .Terms )

Solution 5:
Solution:Map -->
A |-> nathan ( .Terms )
B |-> john ( .Terms )
X |-> david ( .Terms )

Solution 6:
Solution:Map -->
A |-> nathan ( .Terms )
B |-> john ( .Terms )
X |-> jim ( .Terms )

Solution 7:
Solution:Map -->
A |-> nathan ( .Terms )
B |-> john ( .Terms )
X |-> steve ( .Terms )

Solution 8:
Solution:Map -->
A |-> steve ( .Terms )
B |-> david ( .Terms )
X |-> jim ( .Terms )

Solution 9:
Solution:Map -->
A |-> steve ( .Terms )
B |-> john ( .Terms )
X |-> david ( .Terms )

Solution 10:
Solution:Map -->
A |-> steve ( .Terms )
B |-> john ( .Terms )
X |-> jim ( .Terms )
