Search results:

Solution 1:
Solution:Map -->
L |-> cons ( ((c ( .Terms )), (cons ( (X, (cons ( ((a ( .Terms )), (nil ( 
  .Terms ))) ))) ))) )
T |-> cons ( ((a ( .Terms )), (cons ( (X, (cons ( ((c ( .Terms )), (nil ( 
  .Terms ))) ))) ))) )
X |-> #symVariable(15)
X |-> #symVariable(73)
X |-> #symVariable(105)
X |-> #symVariable(163)
