Error: 
Program file does not exist: /Users/tserban2/Documents/k/trunk/dist/examples/exp/untyped/environment/regression/identity-2.exp
