
<k>
  lambda  id0  . lambda  x  .lambda  y  .  x   y   id0 
</k>
<nextId>
   1 
</nextId>

