[32m<k>[0m
  lambda x . x
[32m</k>[0m
[32m<nextId>[0m
  0
[32m</nextId>[0m
