Search results:

Solution 1, State 0:
V:K -->
[ 10, 11, 12, 13, 14 ]
