Search results:

Solution 1, State 0:
V:K -->
[ (({ (10, 9) }), (({ (0, 1) }), (({ (0, 0) }), .List{","}))) ]
