Search results:

Solution 1, State 0:
V:K -->
[ 7, 8, 9 ]
