<k>
    .K
</k>
<out>
    ListItem(1)
    ListItem(2)
</out>
