<T>
    <set>
        SetItem(0)
        SetItem(4)
    </set>
    <k>
        .K
    </k>
</T>
