Search results:

Solution 1:
Fresh:K -->
12
L:List -->
#buffer ( "Y |-> l(david);  " )
