Search results:

Solution 1, State 41:
S:String -->
"20"

Solution 2, State 42:
S:String -->
"5"

Solution 3, State 43:
S:String -->
"15"

Solution 4, State 44:
S:String -->
"10"
