Search results:

Solution 1, State 48:
S:String -->
"22"

Solution 2, State 49:
S:String -->
"32"

Solution 3, State 50:
S:String -->
"23"

Solution 4, State 51:
S:String -->
"33"

Solution 5, State 52:
S:String -->
"23"

Solution 6, State 53:
S:String -->
"32"
