Search results:

Solution 1, State 8:
O:List -->
ListItem(#buffer ( "23" ))
