Search results:

Solution 1, State 0:
V:K -->
(lambda z . (z z)) (lambda x . (lambda y . (x y)))
