Search results:

Solution 1, State 0:
V:K -->
(lambda x . (x x)) (lambda x . (x x))
