<T>
  <k>
    .
  </k>
  <state>
    i |-> 2
    n |-> 101
    q |-> 0
    r |-> 1
    s |-> 25
    t |-> 0
    upTo |-> 100
    x |-> 0
    y |-> 200
    z |-> 100
  </state>
</T>
