Search results:

Solution 1:
K:K -->
.K
S:String -->
"Error: Variable y already declared in this block."
