<result>
  closure( . , x , let y = x in y )
</result>
