<result>
  closure( . , x , y , z , y )
</result>
