<k>
  lambda _id238 . lambda _id232 . lambda _id218 . lambda _id188 . lambda _id126 . lambda _id0 . lambda x . lambda y . x lambda x . lambda y . x _id0 lambda _id0 . lambda x . lambda y . x lambda x . lambda y . x _id0 _id126 lambda _id126 . lambda _id0 . lambda x . lambda y . x lambda x . lambda y . x _id0 lambda _id0 . lambda x . lambda y . x lambda x . lambda y . x _id0 _id126 _id188 lambda _id188 . lambda _id126 . lambda _id0 . lambda x . lambda y . x lambda x . lambda y . x _id0 lambda _id0 . lambda x . lambda y . x lambda x . lambda y . x _id0 _id126 lambda _id126 . lambda _id0 . lambda x . lambda y . x lambda x . lambda y . x _id0 lambda _id0 . lambda x . lambda y . x lambda x . lambda y . x _id0 _id126 _id188 _id218 lambda _id218 . lambda _id188 . lambda _id126 . lambda _id0 . lambda x . lambda y . x lambda x . lambda y . x _id0 lambda _id0 . lambda x . lambda y . x lambda x . lambda y . x _id0 _id126 lambda _id126 . lambda _id0 . lambda x . lambda y . x lambda x . lambda y . x _id0 lambda _id0 . lambda x . lambda y . x lambda x . lambda y . x _id0 _id126 _id188 lambda _id188 . lambda _id126 . lambda _id0 . lambda x . lambda y . x lambda x . lambda y . x _id0 lambda _id0 . lambda x . lambda y . x lambda x . lambda y . x _id0 _id126 lambda _id126 . lambda _id0 . lambda x . lambda y . x lambda x . lambda y . x _id0 lambda _id0 . lambda x . lambda y . x lambda x . lambda y . x _id0 _id126 _id188 _id218 _id232 lambda _id232 . lambda _id218 . lambda _id188 . lambda _id126 . lambda _id0 . lambda x . lambda y . x lambda x . lambda y . x _id0 lambda _id0 . lambda x . lambda y . x lambda x . lambda y . x _id0 _id126 lambda _id126 . lambda _id0 . lambda x . lambda y . x lambda x . lambda y . x _id0 lambda _id0 . lambda x . lambda y . x lambda x . lambda y . x _id0 _id126 _id188 lambda _id188 . lambda _id126 . lambda _id0 . lambda x . lambda y . x lambda x . lambda y . x _id0 lambda _id0 . lambda x . lambda y . x lambda x . lambda y . x _id0 _id126 lambda _id126 . lambda _id0 . lambda x . lambda y . x lambda x . lambda y . x _id0 lambda _id0 . lambda x . lambda y . x lambda x . lambda y . x _id0 _id126 _id188 _id218 lambda _id218 . lambda _id188 . lambda _id126 . lambda _id0 . lambda x . lambda y . x lambda x . lambda y . x _id0 lambda _id0 . lambda x . lambda y . x lambda x . lambda y . x _id0 _id126 lambda _id126 . lambda _id0 . lambda x . lambda y . x lambda x . lambda y . x _id0 lambda _id0 . lambda x . lambda y . x lambda x . lambda y . x _id0 _id126 _id188 lambda _id188 . lambda _id126 . lambda _id0 . lambda x . lambda y . x lambda x . lambda y . x _id0 lambda _id0 . lambda x . lambda y . x lambda x . lambda y . x _id0 _id126 lambda _id126 . lambda _id0 . lambda x . lambda y . x lambda x . lambda y . x _id0 lambda _id0 . lambda x . lambda y . x lambda x . lambda y . x _id0 _id126 _id188 _id218 _id232 _id238
</k>
