<k>
  lambda x . lambda f . f lambda y . if true then x 7 else x y
</k>
