Search results:

Solution 1, State 0:
V:K -->
closure ( $exit |-> #symNat(1) , x , x )
