[33m<T>
    [0m[32m<k>
        [0m"Line  3: x = " ~> '_,_(HOLE,, x, "\n") ~> print ( HOLE ) ; ~> { 
          int x ; x = 2 ; print ( "Line  7: x = ", x, "\n" ) ; { int x ; x = 
          3 ; print ( "Line 11: x = ", x, "\n" ) ; } print ( "Line 13: x = "
          , x, "\n" ) ; } ~> print ( "Line 15: x = ", x, "\n" ) ;[32m
    </k>[0m
    [31m<state>
        [0mx |-> 1[31m
    </state>[0m[33m
</T>[0m
